1.3601525477,0.0,-1.3601525477,0.0,3289.2025,2418.26,10000.0
